// Jest Snapshot v1, https://goo.gl/fbAQLP

exports[`<Comments /> interactions renders correctly 1`] = `ShallowWrapper {}`;
